// Jest Snapshot v1, https://goo.gl/fbAQLP

exports[`renders correctly 1`] = `
.c0 {
  width: 11rem;
  height: 11rem;
}

<div
  className="c0"
/>
`;
