// Jest Snapshot v1, https://goo.gl/fbAQLP

exports[`renders correctly 1`] = `
<li
  className="sc-bdVaJa erDMoc"
>
  <p
    className="sc-htpNat bhyEbC"
  >
    London
     
    <span
      className="sc-bwzfXH bqulyh"
    >
      US
    </span>
  </p>
</li>
`;
