// Jest Snapshot v1, https://goo.gl/fbAQLP

exports[`renders correctly 1`] = `
.c0 {
  position: absolute;
  top: 0.8rem;
  right: 1rem;
  -webkit-transition: color 0.35s linear;
  transition: color 0.35s linear;
}

<div
  className="c0"
/>
`;
