// Jest Snapshot v1, https://goo.gl/fbAQLP

exports[`renders correctly 1`] = `
.c0 {
  position: absolute;
  top: 3.9rem;
  right: 0;
  width: 36rem;
  border: 1px solid #222222;
  background-color: #ffffff;
  margin: 0;
  padding: 0;
  cursor: pointer;
}

<ul
  className="c0"
/>
`;
