// Jest Snapshot v1, https://goo.gl/fbAQLP

exports[`renders correctly 1`] = `
.c0 {
  color: #222222;
  width: 28rem;
  height: 4rem;
  border: 1px solid transparent;
  background-color: rgba(255,255,255,0.3);
  padding: 0 1.2rem;
  font-size: 1.4rem;
  outline: 0;
  -webkit-transition: all 0.3s;
  transition: all 0.3s;
}

.c0::-ms-clear {
  display: none;
}

.c0:focus {
  width: 36rem;
  border: 1px solid #222222;
  background-color: #ffffff;
  color: #222222;
}

.c0:focus::-webkit-input-placeholder {
  color: rgba(34,34,34,0.5);
}

.c0:focus::-moz-placeholder {
  color: rgba(34,34,34,0.5);
}

.c0:focus:-ms-input-placeholder {
  color: rgba(34,34,34,0.5);
}

.c0:focus::placeholder {
  color: rgba(34,34,34,0.5);
}

.c0::-webkit-input-placeholder {
  color: rgba(34,34,34,0.5);
}

.c0::-moz-placeholder {
  color: rgba(34,34,34,0.5);
}

.c0:-ms-input-placeholder {
  color: rgba(34,34,34,0.5);
}

.c0::placeholder {
  color: rgba(34,34,34,0.5);
}

<input
  className="c0"
/>
`;
