// Jest Snapshot v1, https://goo.gl/fbAQLP

exports[`renders correctly 1`] = `
.c0 {
  grid-area: main;
  padding-bottom: 6rem;
}

<article
  className="c0"
/>
`;
