// Jest Snapshot v1, https://goo.gl/fbAQLP

exports[`renders correctly 1`] = `
.c0 {
  font-size: 1.4rem;
  color: #222222;
  margin: 0;
  text-transform: uppercase;
}

<p
  className="c0"
/>
`;
