// Jest Snapshot v1, https://goo.gl/fbAQLP

exports[`renders correctly 1`] = `
.c0 {
  height: 100%;
  max-width: 96rem;
  margin: 0 auto;
}

<div
  className="c0"
/>
`;
