// Jest Snapshot v1, https://goo.gl/fbAQLP

exports[`renders correctly 1`] = `
.c0 {
  display: -webkit-box;
  display: -webkit-flex;
  display: -ms-flexbox;
  display: flex;
  -webkit-box-pack: center;
  -webkit-justify-content: center;
  -ms-flex-pack: center;
  justify-content: center;
  -webkit-align-items: center;
  -webkit-box-align: center;
  -ms-flex-align: center;
  align-items: center;
  width: 4rem;
  height: 4rem;
  border: none;
  border-radius: 0;
  background: none;
  outline: none;
  cursor: pointer;
  margin: 0;
  padding: 0;
  -webkit-tap-highlight-color: rgba(255,255,255,0.15);
}

<button
  className="c0"
/>
`;
