// Jest Snapshot v1, https://goo.gl/fbAQLP

exports[`renders correctly 1`] = `
.c0 {
  color: rgba(34,34,34,0.5);
  text-transform: uppercase;
  margin-left: 0.4rem;
}

<span
  className="c0"
/>
`;
