// Jest Snapshot v1, https://goo.gl/fbAQLP

exports[`renders correctly 1`] = `
.c0 {
  position: relative;
}

@media (max-width:40em) {
  .c0 {
    display: none;
  }
}

<form
  className="c0"
/>
`;
