// Jest Snapshot v1, https://goo.gl/fbAQLP

exports[`renders correctly 1`] = `
<button
  className="sc-bdVaJa gutKeJ"
>
  <svg
    height="24"
    width="24"
    xmlns="http://www.w3.org/2000/svg"
  >
    <path
      d="M13.463 12L23.697 1.766A1.034 1.034 0 1 0 22.234.303L12 10.537 1.766.303A1.034 1.034 0 1 0 .303 1.766L10.537 12 .303 22.234a1.034 1.034 0 0 0 1.462 1.463L12 13.463l10.234 10.234a1.032 1.032 0 0 0 1.463 0 1.034 1.034 0 0 0 0-1.463L13.463 12z"
      fill="currentColor"
    />
  </svg>
</button>
`;
