// Jest Snapshot v1, https://goo.gl/fbAQLP

exports[`renders correctly 1`] = `
.c0 {
  width: 100%;
  height: 6rem;
  border: none;
  outline: none;
  border-bottom: 1px solid #222222;
  padding: 0 2rem;
  background: #ffffff;
  font-size: 1.8rem;
  color: #222222;
}

.c0::-webkit-input-placeholder {
  color: rgba(34,34,34,0.5);
}

.c0::-moz-placeholder {
  color: rgba(34,34,34,0.5);
}

.c0:-ms-input-placeholder {
  color: rgba(34,34,34,0.5);
}

.c0::placeholder {
  color: rgba(34,34,34,0.5);
}

<input
  autoCapitalize="off"
  autoComplete="off"
  autoCorrect="off"
  autoFocus={true}
  className="c0"
  spellCheck="false"
  type="search"
/>
`;
