// Jest Snapshot v1, https://goo.gl/fbAQLP

exports[`renders correctly 1`] = `
.c0 {
  display: -webkit-box;
  display: -webkit-flex;
  display: -ms-flexbox;
  display: flex;
  -webkit-align-items: center;
  -webkit-box-align: center;
  -ms-flex-align: center;
  align-items: center;
  height: 6rem;
  padding: 0 2rem;
  font-size: 1.8rem;
  font-style: italic;
  color: rgba(34,34,34,0.5);
  background-color: #ffffff;
  cursor: pointer;
}

<div
  className="c0"
/>
`;
