// Jest Snapshot v1, https://goo.gl/fbAQLP

exports[`renders correctly 1`] = `
<footer
  className="sc-bxivhb dECaob"
>
  <div
    className="sc-htpNat kqsjaR sc-bwzfXH ezMGVG"
  >
    <p
      className="sc-bdVaJa bVJipy"
    >
      Data from OpenWeatherMap
    </p>
  </div>
</footer>
`;
