// Jest Snapshot v1, https://goo.gl/fbAQLP

exports[`renders correctly 1`] = `
.c0 {
  height: 6rem;
  border-top: 1px solid rgba(34,34,34,0.3);
  grid-area: footer;
}

<footer
  className="c0"
/>
`;
