// Jest Snapshot v1, https://goo.gl/fbAQLP

exports[`renders correctly 1`] = `
<header
  className="sc-htpNat frKZNy"
>
  <div
    className="sc-bwzfXH jaPkJ sc-bdVaJa hNXGXU"
  >
    <Logo />
    <Search
      fetchForecast={undefined}
    />
  </div>
</header>
`;
