// Jest Snapshot v1, https://goo.gl/fbAQLP

exports[`renders correctly 1`] = `
.c0 {
  display: grid;
  list-style: none;
  padding: 0;
  margin: 0;
  grid-template-columns: repeat(4,1fr);
  border-top: 1px solid #222222;
}

@media (max-width:40em) {
  .c0 {
    display: -webkit-box;
    display: -webkit-flex;
    display: -ms-flexbox;
    display: flex;
    -webkit-flex-direction: column;
    -ms-flex-direction: column;
    flex-direction: column;
    padding-top: 1rem;
  }
}

<ul
  className="c0"
/>
`;
