// Jest Snapshot v1, https://goo.gl/fbAQLP

exports[`renders correctly 1`] = `
.c0 {
  margin-left: 2rem;
  margin-top: 0.4rem;
}

@media (max-width:40em) {
  .c0 {
    margin: 0;
    display: -webkit-box;
    display: -webkit-flex;
    display: -ms-flexbox;
    display: flex;
    -webkit-align-items: center;
    -webkit-box-align: center;
    -ms-flex-align: center;
    align-items: center;
    margin-left: auto;
  }
}

<div
  className="c0"
/>
`;
