// Jest Snapshot v1, https://goo.gl/fbAQLP

exports[`renders correctly 1`] = `
.c1 {
  font-size: 1.8rem;
  margin: 0;
  text-transform: uppercase;
}

.c0 {
  line-height: 1.2;
}

.c0:first-child {
  margin-right: 1rem;
}

@media (max-width:40em) {
  .c0 {
    width: 3rem;
    text-align: right;
  }
}

<p
  className="c0 c1"
/>
`;
