// Jest Snapshot v1, https://goo.gl/fbAQLP

exports[`renders correctly 1`] = `
.c1 {
  font-size: 1.4rem;
  color: #222222;
  margin: 0;
  text-transform: none;
}

.c0 {
  margin: 0.2rem 1rem 0.2rem 1rem;
}

<p
  className="c0 c1"
/>
`;
