// Jest Snapshot v1, https://goo.gl/fbAQLP

exports[`renders correctly 1`] = `
<div
  className="sc-bxivhb ehicqO sc-bdVaJa iInree"
>
  <div
    className="sc-bwzfXH iUDDfa"
  >
    <svg
      viewBox="0 0 110 110"
      xmlns="http://www.w3.org/2000/svg"
    >
      <path
        d="M80 56.54c0 13.807-11.193 25-25 25s-25-11.193-25-25 11.193-25 25-25 25 11.193 25 25zm-25-40a5 5 0 1 0 .001 10.001A5 5 0 0 0 55 16.54zm-25.39 9.241a5 5 0 1 0 6.429 7.66 5 5 0 0 0-6.429-7.66zm-13.509 23.4a5 5 0 0 0 4.056 5.792 5 5 0 1 0 1.736-9.848 5 5 0 0 0-5.792 4.056zm4.692 26.608a5 5 0 1 0 8.66-5 5 5 0 0 0-8.66 5zM41.49 93.157a5 5 0 1 0 3.42-9.398 5 5 0 0 0-3.42 9.398zm27.02 0a5 5 0 1 0-3.421-9.397 5 5 0 1 0 3.421 9.397zm20.697-17.368a5 5 0 1 0-8.66-5 5 5 0 0 0 8.66 5zm4.692-26.608a5.001 5.001 0 0 0-9.848 1.736 5.001 5.001 0 0 0 9.848-1.736zm-13.509-23.4a5 5 0 1 0-6.428 7.66 5 5 0 0 0 6.428-7.66z"
        fill="#fae36b"
      />
    </svg>
  </div>
  <p
    className="sc-htpNat dGZyVn"
  >
    19Â°
  </p>
</div>
`;
