// Jest Snapshot v1, https://goo.gl/fbAQLP

exports[`renders correctly 1`] = `
<section
  className="sc-bxivhb cGzfDh sc-htpNat hClEhO"
>
  <h1
    className="sc-ifAKCX dZStwc"
  >
    London
  </h1>
  <p
    className="sc-bdVaJa hPriLU"
  >
    clear sky
  </p>
  <div
    className="sc-gzVnrw bsdMms sc-EHOje leSkOi"
  >
    <WeatherIcon
      isDaytime={false}
      weatherId={800}
    />
    <p
      className="sc-bZQynM laSBUb"
    >
      12
      Â°
    </p>
  </div>
  <div
    className="sc-dnqmqq eexdWW sc-EHOje leSkOi"
  >
    <p
      className="sc-bdVaJa hPriLU"
    >
      <span
        className="sc-htoDjs loeAKY"
      >
        Today
      </span>
       
      Saturday
    </p>
  </div>
  <div
    className="sc-EHOje leSkOi"
  >
    <p
      className="sc-iwsKbI drgGaZ sc-bdVaJa jxXTGO"
    >
      <span
        className="sc-htoDjs loeAKY"
      >
        Sunrise
      </span>
       
      06:02
    </p>
    <p
      className="sc-iwsKbI drgGaZ sc-bdVaJa jxXTGO"
    >
      <span
        className="sc-htoDjs loeAKY"
      >
        Sunset
      </span>
       
      20:54
    </p>
  </div>
  <div
    className="sc-EHOje leSkOi"
  >
    <p
      className="sc-iwsKbI drgGaZ sc-bdVaJa jxXTGO"
    >
      <span
        className="sc-htoDjs loeAKY"
      >
        Wind
      </span>
       
      2
       m/s
    </p>
    <p
      className="sc-iwsKbI drgGaZ sc-bdVaJa jxXTGO"
    >
      <span
        className="sc-htoDjs loeAKY"
      >
        Humidity
      </span>
       
      45
       %
    </p>
    <p
      className="sc-iwsKbI drgGaZ sc-bdVaJa jxXTGO"
    >
      <span
        className="sc-htoDjs loeAKY"
      >
        Pressure
      </span>
       
      1024
       hpa
    </p>
  </div>
</section>
`;
