// Jest Snapshot v1, https://goo.gl/fbAQLP

exports[`renders correctly 1`] = `
<div
  className="sc-htpNat hKggGN sc-bwzfXH kRemwO"
>
  <p
    className="sc-bdVaJa cRsIjw"
  >
    <Label>
      Today
    </Label>
     
    Sunday
  </p>
</div>
`;
